mode of vector~0 = -1
mode of vector~1 = -1
mode of vector~2 = 975
mode of vector~3 = -1
mode of vector~4 = -1
mode of vector~5 = -1
mode of vector~6 = -1
mode of vector~7 = -1
mode of vector~8 = -1
mode of vector~9 = -1
mode of vector~10 = 975
mode of vector~11 = -1
mode of vector~12 = -1
mode of vector~13 = -1
mode of vector~14 = -1
