vector~0 :: 2 3 5
vector~1 :: 41 18467 6334
vector~2 :: 1 1 1
vector~3 :: 1 2 3
vector~4 :: 1 3 5
vector~5 :: 5 3 2
vector~6 :: 1 2 3
vector~7 :: 3 2 1
vector~8 :: 3 3 3
vector~9 :: 2 2 2
sum of vector~0 = 10
sum of vector~1 = 24842
sum of vector~2 = 3
sum of vector~3 = 6
sum of vector~4 = 9
sum of vector~5 = 10
mode of vector~3 = -1
median of vector~3 = 2
minimum of vector~3 = 1
maximum of vector~3 = 3
element 0 in vector~0 = 2
element 1 in vector~0 = 3
frequency of 0 in vector~2 = 0
frequency of 1 in vector~2 = 3
